I'm sorry, but errors were detected in your script. Please correct the
errors listed below, and try again.


File "game/script.rpy", line 1044: end of line expected.
    hide headtopp with moveout top
                               ^

Ren'Py Version: Ren'Py 8.3.2.24090902
Tue Mar 31 16:43:37 2026
